;  LST file generated by mikroListExporter - v.2.0 
; Date/Time: 31/3/2025 23:07:25
;----------------------------------------------

;Address Opcode 	ASM
0x0000	0xF000EF0E  	GOTO        28
0x0004	0x0000      	NOP
0x0006	0x0000      	NOP
0x0008	0xF000EF00  	GOTO        0
0x000C	0x0000      	NOP
0x000E	0x0000      	NOP
0x0010	0x0000      	NOP
0x0012	0x0000      	NOP
0x0014	0x0000      	NOP
0x0016	0x0000      	NOP
0x0018	0xD7F3      	BRA         0
_main:
;Envasadora_01.c,1 :: 		void main() {
;Envasadora_01.c,2 :: 		int d=7;
0x001C	0x0E07      	MOVLW       7
0x001E	0x6E15      	MOVWF       main_d_L0 
0x0020	0x0E00      	MOVLW       0
0x0022	0x6E16      	MOVWF       main_d_L0+1 
;Envasadora_01.c,3 :: 		TRISD=0b11111111;
0x0024	0x0EFF      	MOVLW       255
0x0026	0x6E95      	MOVWF       TRISD 
;Envasadora_01.c,4 :: 		TRISB=0b00000000;
0x0028	0x6A93      	CLRF        TRISB 
;Envasadora_01.c,5 :: 		portb = 0;
0x002A	0x6A81      	CLRF        PORTB 
;Envasadora_01.c,6 :: 		while(1){
L_main0:
;Envasadora_01.c,7 :: 		if(portd==15){
0x002C	0x5083      	MOVF        PORTD, 0 
0x002E	0x0A0F      	XORLW       15
0x0030	0xE131      	BNZ         L_main2
;Envasadora_01.c,9 :: 		portb = 2;
0x0032	0x0E02      	MOVLW       2
0x0034	0x6E81      	MOVWF       PORTB 
;Envasadora_01.c,10 :: 		while(portd==d){
L_main3:
0x0036	0x0E00      	MOVLW       0
0x0038	0x1816      	XORWF       main_d_L0+1, 0 
0x003A	0xE102      	BNZ         L__main14
0x003C	0x5015      	MOVF        main_d_L0, 0 
0x003E	0x1883      	XORWF       PORTD, 0 
L__main14:
0x0040	0xE118      	BNZ         L_main4
;Envasadora_01.c,11 :: 		delay_ms(500);
0x0042	0x0E06      	MOVLW       6
0x0044	0x6E0B      	MOVWF       R11, 0
0x0046	0x0E13      	MOVLW       19
0x0048	0x6E0C      	MOVWF       R12, 0
0x004A	0x0EAD      	MOVLW       173
0x004C	0x6E0D      	MOVWF       R13, 0
L_main5:
0x004E	0x2E0D      	DECFSZ      R13, 1, 0
0x0050	0xD7FE      	BRA         L_main5
0x0052	0x2E0C      	DECFSZ      R12, 1, 0
0x0054	0xD7FC      	BRA         L_main5
0x0056	0x2E0B      	DECFSZ      R11, 1, 0
0x0058	0xD7FA      	BRA         L_main5
0x005A	0x0000      	NOP
0x005C	0x0000      	NOP
;Envasadora_01.c,12 :: 		if(d=7){d=6;portb = 0;}
0x005E	0x0E07      	MOVLW       7
0x0060	0x6E15      	MOVWF       main_d_L0 
0x0062	0x0E00      	MOVLW       0
0x0064	0x6E16      	MOVWF       main_d_L0+1 
0x0066	0x0E06      	MOVLW       6
0x0068	0x6E15      	MOVWF       main_d_L0 
0x006A	0x0E00      	MOVLW       0
0x006C	0x6E16      	MOVWF       main_d_L0+1 
0x006E	0x6A81      	CLRF        PORTB 
;Envasadora_01.c,13 :: 		}portb=0;
0x0070	0xD7E2      	BRA         L_main3
L_main4:
0x0072	0x6A81      	CLRF        PORTB 
;Envasadora_01.c,15 :: 		if(portd==0){
0x0074	0x5083      	MOVF        PORTD, 0 
0x0076	0x0A00      	XORLW       0
0x0078	0xE102      	BNZ         L_main7
;Envasadora_01.c,17 :: 		portb=0;
0x007A	0x6A81      	CLRF        PORTB 
;Envasadora_01.c,18 :: 		}else if(portd==1){
0x007C	0xD00B      	BRA         L_main8
L_main7:
0x007E	0x5083      	MOVF        PORTD, 0 
0x0080	0x0A01      	XORLW       1
0x0082	0xE103      	BNZ         L_main9
;Envasadora_01.c,19 :: 		portb=1;
0x0084	0x0E01      	MOVLW       1
0x0086	0x6E81      	MOVWF       PORTB 
;Envasadora_01.c,20 :: 		}else if(portd==2){
0x0088	0xD005      	BRA         L_main10
L_main9:
0x008A	0x5083      	MOVF        PORTD, 0 
0x008C	0x0A02      	XORLW       2
0x008E	0xE102      	BNZ         L_main11
;Envasadora_01.c,21 :: 		portb=2;
0x0090	0x0E02      	MOVLW       2
0x0092	0x6E81      	MOVWF       PORTB 
;Envasadora_01.c,22 :: 		}//else{     //portb=254;//}
L_main11:
L_main10:
L_main8:
;Envasadora_01.c,23 :: 		}portb=0;
L_main2:
0x0094	0x6A81      	CLRF        PORTB 
;Envasadora_01.c,24 :: 		delay_ms(100);
0x0096	0x0E02      	MOVLW       2
0x0098	0x6E0B      	MOVWF       R11, 0
0x009A	0x0E04      	MOVLW       4
0x009C	0x6E0C      	MOVWF       R12, 0
0x009E	0x0EBA      	MOVLW       186
0x00A0	0x6E0D      	MOVWF       R13, 0
L_main12:
0x00A2	0x2E0D      	DECFSZ      R13, 1, 0
0x00A4	0xD7FE      	BRA         L_main12
0x00A6	0x2E0C      	DECFSZ      R12, 1, 0
0x00A8	0xD7FC      	BRA         L_main12
0x00AA	0x2E0B      	DECFSZ      R11, 1, 0
0x00AC	0xD7FA      	BRA         L_main12
0x00AE	0x0000      	NOP
;Envasadora_01.c,25 :: 		}
0x00B0	0xD7BD      	BRA         L_main0
;Envasadora_01.c,26 :: 		}
L_end_main:
0x00B2	0xD7FF      	BRA         $+0
; end of _main
Symbol List:
//** Routines locations **
//ADDRESS    SIZE    PROCEDURE
//----------------------------------------------
0x001C     [152]    _main
//** Variables locations ** 
//ADDRESS    SIZE    VARIABLE
//----------------------------------------------
0x0000       [1]    R0
0x0001       [1]    R1
0x0002       [1]    R2
0x0003       [1]    R3
0x0004       [1]    R4
0x0005       [1]    R5
0x0006       [1]    R6
0x0007       [1]    R7
0x0008       [1]    R8
0x0009       [1]    R9
0x000A       [1]    R10
0x000B       [1]    R11
0x000C       [1]    R12
0x000D       [1]    R13
0x000E       [1]    R14
0x000F       [1]    R15
0x0010       [1]    R16
0x0011       [1]    R17
0x0012       [1]    R18
0x0013       [1]    R19
0x0014       [1]    R20
0x0015       [2]    main_d_L0
0x0F81       [1]    PORTB
0x0F83       [1]    PORTD
0x0F93       [1]    TRISB
0x0F95       [1]    TRISD
0x0FD8       [1]    STATUS
0x0FD9       [1]    FSR2L
0x0FDA       [1]    FSR2H
0x0FDE       [1]    POSTINC2
0x0FE0       [1]    BSR
0x0FE1       [1]    FSR1L
0x0FE2       [1]    FSR1H
0x0FE4       [1]    PREINC1
0x0FE6       [1]    POSTINC1
0x0FE7       [1]    INDF1
0x0FE8       [1]    WREG
0x0FE9       [1]    FSR0L
0x0FEA       [1]    FSR0H
0x0FEE       [1]    POSTINC0
0x0FF3       [1]    PRODL
0x0FF4       [1]    PRODH
0x0FF5       [1]    TABLAT
0x0FF6       [1]    TBLPTRL
0x0FF7       [1]    TBLPTRH
0x0FF8       [1]    TBLPTRU
