;  LST file generated by mikroListExporter - v.2.0 
; Date/Time: 1/4/2025 00:39:11
;----------------------------------------------

;Address Opcode 	ASM
0x0000	0x2846      	GOTO       70
_UART1_Write:
;__Lib_UART_c67.c,39 :: 		
;__Lib_UART_c67.c,40 :: 		
L_UART1_Write3:
0x0003	0x1683      	BSF        STATUS, 5
0x0004	0x1303      	BCF        STATUS, 6
0x0005	0x1898      	BTFSC      TXSTA, 1
0x0006	0x2809      	GOTO       L_UART1_Write4
;__Lib_UART_c67.c,41 :: 		
0x0007	0x0000      	NOP
0x0008	0x2803      	GOTO       L_UART1_Write3
L_UART1_Write4:
;__Lib_UART_c67.c,42 :: 		
0x0009	0x1283      	BCF        STATUS, 5
0x000A	0x0838      	MOVF       FARG_UART1_Write_data_, 0
0x000B	0x0099      	MOVWF      TXREG
;__Lib_UART_c67.c,43 :: 		
L_end_UART1_Write:
0x000C	0x0008      	RETURN
; end of _UART1_Write
_____DoICP:
;__Lib_System.c,6 :: 		
;__Lib_System.c,9 :: 		
0x000D	0x1283      	BCF        STATUS, 5
0x000E	0x1303      	BCF        STATUS, 6
0x000F	0x0834      	MOVF       ___DoICPAddr+1, 0
0x0010	0x008A      	MOVWF      PCLATH
;__Lib_System.c,10 :: 		
0x0011	0x0833      	MOVF       ___DoICPAddr, 0
0x0012	0x0082      	MOVWF      PCL
;__Lib_System.c,12 :: 		
L_end_____DoICP:
0x0013	0x0008      	RETURN
; end of _____DoICP
_UART1_Write_Text:
;__Lib_UART_c67.c,47 :: 		
;__Lib_UART_c67.c,48 :: 		
0x0014	0x1283      	BCF        STATUS, 5
0x0015	0x1303      	BCF        STATUS, 6
0x0016	0x01B7      	CLRF       UART1_Write_Text_counter_L0
;__Lib_UART_c67.c,50 :: 		
0x0017	0x0835      	MOVF       FARG_UART1_Write_Text_uart_text, 0
0x0018	0x0084      	MOVWF      FSR
0x0019	0x0800      	MOVF       INDF, 0
0x001A	0x00B6      	MOVWF      UART1_Write_Text_data__L0
;__Lib_UART_c67.c,51 :: 		
L_UART1_Write_Text5:
0x001B	0x0836      	MOVF       UART1_Write_Text_data__L0, 0
0x001C	0x3A00      	XORLW      0
0x001D	0x1903      	BTFSC      STATUS, 2
0x001E	0x2829      	GOTO       L_UART1_Write_Text6
;__Lib_UART_c67.c,52 :: 		
0x001F	0x0836      	MOVF       UART1_Write_Text_data__L0, 0
0x0020	0x00B8      	MOVWF      FARG_UART1_Write_data_
0x0021	0x2003      	CALL       _UART1_Write
;__Lib_UART_c67.c,53 :: 		
0x0022	0x0AB7      	INCF       UART1_Write_Text_counter_L0, 1
;__Lib_UART_c67.c,54 :: 		
0x0023	0x0837      	MOVF       UART1_Write_Text_counter_L0, 0
0x0024	0x0735      	ADDWF      FARG_UART1_Write_Text_uart_text, 0
0x0025	0x0084      	MOVWF      FSR
0x0026	0x0800      	MOVF       INDF, 0
0x0027	0x00B6      	MOVWF      UART1_Write_Text_data__L0
;__Lib_UART_c67.c,55 :: 		
0x0028	0x281B      	GOTO       L_UART1_Write_Text5
L_UART1_Write_Text6:
;__Lib_UART_c67.c,56 :: 		
L_end_UART1_Write_Text:
0x0029	0x0008      	RETURN
; end of _UART1_Write_Text
___CC2DW:
;__Lib_System.c,134 :: 		
;__Lib_System.c,137 :: 		
_CC2D_Loop1:
;__Lib_System.c,139 :: 		
0x002A	0x200D      	CALL       _____DoICP
0x002B	0x118A      	BCF        PCLATH, 3
0x002C	0x120A      	BCF        PCLATH, 4
;__Lib_System.c,141 :: 		
0x002D	0x0080      	MOVWF      INDF
;__Lib_System.c,142 :: 		
0x002E	0x0A84      	INCF       FSR, 1
;__Lib_System.c,143 :: 		
0x002F	0x0AB3      	INCF       ___DoICPAddr, 1
;__Lib_System.c,145 :: 		
0x0030	0x1903      	BTFSC      STATUS, 2
;__Lib_System.c,146 :: 		
0x0031	0x0AB4      	INCF       ___DoICPAddr+1, 1
;__Lib_System.c,147 :: 		
0x0032	0x03F0      	DECF       R0, 1
;__Lib_System.c,149 :: 		
0x0033	0x1D03      	BTFSS      STATUS, 2
;__Lib_System.c,150 :: 		
0x0034	0x282A      	GOTO       _CC2D_Loop1
;__Lib_System.c,152 :: 		
L_end___CC2DW:
0x0035	0x0008      	RETURN
; end of ___CC2DW
_UART1_Init:
;__Lib_UART_c67.c,2 :: 		
;__Lib_UART_c67.c,5 :: 		
0x0036	0x1683      	BSF        STATUS, 5
0x0037	0x1303      	BCF        STATUS, 6
0x0038	0x1698      	BSF        TXSTA, 5
;__Lib_UART_c67.c,6 :: 		
0x0039	0x3090      	MOVLW      144
0x003A	0x1283      	BCF        STATUS, 5
0x003B	0x0098      	MOVWF      RCSTA
;__Lib_UART_c67.c,7 :: 		
0x003C	0x1683      	BSF        STATUS, 5
0x003D	0x1787      	BSF        TRISC7_bit, BitPos(TRISC7_bit+0)
;__Lib_UART_c67.c,8 :: 		
0x003E	0x1307      	BCF        TRISC6_bit, BitPos(TRISC6_bit+0)
;__Lib_UART_c67.c,10 :: 		
L_UART1_Init0:
0x003F	0x1283      	BCF        STATUS, 5
0x0040	0x1E8C      	BTFSS      PIR1, 5
0x0041	0x2845      	GOTO       L_UART1_Init1
;__Lib_UART_c67.c,11 :: 		
0x0042	0x081A      	MOVF       RCREG, 0
0x0043	0x00F0      	MOVWF      R0
0x0044	0x283F      	GOTO       L_UART1_Init0
L_UART1_Init1:
;__Lib_UART_c67.c,12 :: 		
L_end_UART1_Init:
0x0045	0x0008      	RETURN
; end of _UART1_Init
_main:
0x0046	0x3050      	MOVLW      80
0x0047	0x1283      	BCF        STATUS, 5
0x0048	0x1303      	BCF        STATUS, 6
0x0049	0x00A0      	MOVWF      ?lstr1_com_serial
0x004A	0x3052      	MOVLW      82
0x004B	0x00A1      	MOVWF      33
0x004C	0x304F      	MOVLW      79
0x004D	0x00A2      	MOVWF      34
0x004E	0x3043      	MOVLW      67
0x004F	0x00A3      	MOVWF      35
0x0050	0x3045      	MOVLW      69
0x0051	0x00A4      	MOVWF      36
0x0052	0x3053      	MOVLW      83
0x0053	0x00A5      	MOVWF      37
0x0054	0x304F      	MOVLW      79
0x0055	0x00A6      	MOVWF      38
0x0056	0x3020      	MOVLW      32
0x0057	0x00A7      	MOVWF      39
0x0058	0x3031      	MOVLW      49
0x0059	0x00A8      	MOVWF      40
0x005A	0x3020      	MOVLW      32
0x005B	0x00A9      	MOVWF      41
0x005C	0x3049      	MOVLW      73
0x005D	0x00AA      	MOVWF      42
0x005E	0x304E      	MOVLW      78
0x005F	0x00AB      	MOVWF      43
0x0060	0x3049      	MOVLW      73
0x0061	0x00AC      	MOVWF      44
0x0062	0x3043      	MOVLW      67
0x0063	0x00AD      	MOVWF      45
0x0064	0x3049      	MOVLW      73
0x0065	0x00AE      	MOVWF      46
0x0066	0x3041      	MOVLW      65
0x0067	0x00AF      	MOVWF      47
0x0068	0x3044      	MOVLW      68
0x0069	0x00B0      	MOVWF      48
0x006A	0x304F      	MOVLW      79
0x006B	0x00B1      	MOVWF      49
0x006C	0x01B2      	CLRF       50
;com_serial.c,1 :: 		void main() {
;com_serial.c,2 :: 		UART1_Init(9600);
0x006D	0x3019      	MOVLW      25
0x006E	0x1683      	BSF        STATUS, 5
0x006F	0x0099      	MOVWF      SPBRG
0x0070	0x1518      	BSF        TXSTA, 2
0x0071	0x2036      	CALL       _UART1_Init
;com_serial.c,3 :: 		TRISB=0b00000000;
0x0072	0x1683      	BSF        STATUS, 5
0x0073	0x0186      	CLRF       TRISB
;com_serial.c,4 :: 		while(1){
L_main0:
;com_serial.c,5 :: 		portb.rb0=1;
0x0074	0x1283      	BCF        STATUS, 5
0x0075	0x1406      	BSF        PORTB, 0
;com_serial.c,6 :: 		UART1_Write_Text("PROCESO 1 INICIADO");
0x0076	0x3020      	MOVLW      ?lstr1_com_serial
0x0077	0x00B5      	MOVWF      FARG_UART1_Write_Text_uart_text
0x0078	0x2014      	CALL       _UART1_Write_Text
;com_serial.c,7 :: 		delay_ms(1000);
0x0079	0x3006      	MOVLW      6
0x007A	0x00FB      	MOVWF      R11
0x007B	0x3013      	MOVLW      19
0x007C	0x00FC      	MOVWF      R12
0x007D	0x30AD      	MOVLW      173
0x007E	0x00FD      	MOVWF      R13
L_main2:
0x007F	0x0BFD      	DECFSZ     R13, 1
0x0080	0x287F      	GOTO       L_main2
0x0081	0x0BFC      	DECFSZ     R12, 1
0x0082	0x287F      	GOTO       L_main2
0x0083	0x0BFB      	DECFSZ     R11, 1
0x0084	0x287F      	GOTO       L_main2
0x0085	0x0000      	NOP
0x0086	0x0000      	NOP
;com_serial.c,8 :: 		portb.rb0=0;
0x0087	0x1006      	BCF        PORTB, 0
;com_serial.c,9 :: 		delay_ms(1000);
0x0088	0x3006      	MOVLW      6
0x0089	0x00FB      	MOVWF      R11
0x008A	0x3013      	MOVLW      19
0x008B	0x00FC      	MOVWF      R12
0x008C	0x30AD      	MOVLW      173
0x008D	0x00FD      	MOVWF      R13
L_main3:
0x008E	0x0BFD      	DECFSZ     R13, 1
0x008F	0x288E      	GOTO       L_main3
0x0090	0x0BFC      	DECFSZ     R12, 1
0x0091	0x288E      	GOTO       L_main3
0x0092	0x0BFB      	DECFSZ     R11, 1
0x0093	0x288E      	GOTO       L_main3
0x0094	0x0000      	NOP
0x0095	0x0000      	NOP
;com_serial.c,10 :: 		}
0x0096	0x2874      	GOTO       L_main0
;com_serial.c,11 :: 		}
L_end_main:
0x0097	0x2897      	GOTO       $+0
; end of _main
Symbol List:
//** Routines locations **
//ADDRESS    SIZE    PROCEDURE
//----------------------------------------------
0x0003      [10]    _UART1_Write
0x000D       [7]    _____DoICP
0x0014      [22]    _UART1_Write_Text
0x002A      [12]    ___CC2DW
0x0036      [16]    _UART1_Init
0x0046      [82]    _main
//** Variables locations ** 
//ADDRESS    SIZE    VARIABLE
//----------------------------------------------
0x0000       [1]    INDF
0x0002       [1]    PCL
0x0003       [1]    STATUS
0x0004       [1]    FSR
0x0006       [1]    PORTB
0x000A       [1]    PCLATH
0x000C       [1]    PIR1
0x0018       [1]    RCSTA
0x0019       [1]    TXREG
0x001A       [1]    RCREG
0x0020      [19]    ?lstr1_com_serial
0x0033       [2]    ___DoICPAddr
0x0035       [1]    FARG_UART1_Write_Text_uart_text
0x0036       [1]    UART1_Write_Text_data__L0
0x0037       [1]    UART1_Write_Text_counter_L0
0x0038       [1]    FARG_UART1_Write_data_
0x0070       [1]    R0
0x0071       [1]    R1
0x0072       [1]    R2
0x0073       [1]    R3
0x0074       [1]    R4
0x0075       [1]    R5
0x0076       [1]    R6
0x0077       [1]    R7
0x0078       [1]    R8
0x0079       [1]    R9
0x007A       [1]    R10
0x007B       [1]    R11
0x007C       [1]    R12
0x007D       [1]    R13
0x007E       [1]    R14
0x007F       [1]    R15
0x0086       [1]    TRISB
0x0087       [0]    TRISC6_bit
0x0087       [0]    TRISC7_bit
0x0098       [1]    TXSTA
0x0099       [1]    SPBRG
